src/components/ui/InteractiveGrid.tsx(1,17): error TS6133: 'useState' is declared but its value is never read.
src/pages/Services.tsx(5,1): error TS6133: 'MagneticButton' is declared but its value is never read.
